<?xml version="1.0" encoding="UTF-8"?>
<testsuites name="Mocha Tests" time="5.720" tests="11" failures="0">
  <testsuite name="Root Suite" timestamp="2025-11-29T03:50:51" tests="0" time="0.000" failures="0">
  </testsuite>
  <testsuite name="User Posts" timestamp="2025-11-29T03:50:51" tests="2" file="D:\Supertest\test\post.js" time="0.000" failures="0">
    <testcase name="User Posts /posts" time="0.448" classname="/posts">
    </testcase>
    <testcase name="User Posts GET /posts/:id" time="0.404" classname="GET /posts/:id">
    </testcase>
  </testsuite>
  <testsuite name="Negative Tests" timestamp="2025-11-29T03:50:54" tests="2" file="D:\Supertest\test\post.js" time="0.770" failures="0">
    <testcase name="User Posts Negative Tests 401 Authentication Failed" time="0.350" classname="401 Authentication Failed">
    </testcase>
    <testcase name="User Posts Negative Tests 422 Validation Failed" time="0.418" classname="422 Validation Failed">
    </testcase>
  </testsuite>
  <testsuite name="Users" timestamp="2025-11-29T03:50:54" tests="7" file="D:\Supertest\test\users.js" time="2.892" failures="0">
    <testcase name="Users GET /users" time="0.416" classname="GET /users">
    </testcase>
    <testcase name="Users Get /users with query params" time="0.430" classname="Get /users with query params">
    </testcase>
    <testcase name="Users Get /users with query params _Chat GPT" time="0.444" classname="Get /users with query params _Chat GPT">
    </testcase>
    <testcase name="Users POST /users" time="0.431" classname="POST /users">
    </testcase>
    <testcase name="Users Get /users/id" time="0.409" classname="Get /users/id">
    </testcase>
    <testcase name="Users PUT /users/id" time="0.433" classname="PUT /users/id">
    </testcase>
    <testcase name="Users DELETE /users" time="0.327" classname="DELETE /users">
    </testcase>
  </testsuite>
</testsuites>